// Jest Snapshot v1, https://goo.gl/fbAQLP

exports[`MovieWall should match snapshot 1`] = `
.c0 {
  font-family: 'Titillium Web',sans-serif;
  width: 100%;
  display: -webkit-box;
  display: -webkit-flex;
  display: -ms-flexbox;
  display: flex;
  -webkit-flex-direction: column;
  -ms-flex-direction: column;
  flex-direction: column;
  padding: 0 20px;
}

.c0 .title {
  color: #fff;
  display: block;
  font-size: 1.8em;
  padding-left: 20px;
  padding-top: 16px;
  padding-bottom: 26px;
  font-weight: bold;
}

.c1 {
  max-width: 100%;
  display: -webkit-box;
  display: -webkit-flex;
  display: -ms-flexbox;
  display: flex;
  -webkit-flex-direction: row;
  -ms-flex-direction: row;
  flex-direction: row;
  -webkit-flex-wrap: wrap;
  -ms-flex-wrap: wrap;
  flex-wrap: wrap;
  padding: 0;
}

.c2 {
  display: -webkit-box;
  display: -webkit-flex;
  display: -ms-flexbox;
  display: flex;
  -webkit-flex-direction: row;
  -ms-flex-direction: row;
  flex-direction: row;
  -webkit-flex-wrap: wrap;
  -ms-flex-wrap: wrap;
  flex-wrap: wrap;
  position: relative;
}

@media screen and (max-width:768px) {
  .c0 .title {
    font-size: 22px;
  }
}

<div>
  <div
    class="c0"
  >
    <h2
      class="title"
    >
      Title of your wall
    </h2>
    <div
      class="c1"
    >
      <div
        class="c2"
      >
        any component you need
      </div>
    </div>
  </div>
</div>
`;
